DOMException: The object can not be found here:
  Generated by getUserMedia camera NotFoundError. You may not have any camera on your machine.
